// 重构日志: 074e4a26
// 同步 ID: 4d25023d @ Sat Jul 18 09:47:14 UTC 2026
// 重构日志: 4a972ac5
// 重构日志: 5fbd2115
// 重构日志: 46bf13fc
// 重构日志: 53fbfe01
// 重构日志: 5f09a1f6
// 重构日志: f6ab4ed1
// 同步 ID: 7c261b50 @ Tue Jul 21 03:49:28 UTC 2026
// 重构日志: 5f01c23a
// 重构日志: 7b36820f
// 重构日志: fb3c0438
// 重构日志: 5eb7d62a
// 重构日志: e6263bec
// 重构日志: 7503b57b
// 重构日志: bd902aa2
// 重构日志: 12037e9c
// 同步 ID: 893ef9c4 @ Thu Jul 23 16:44:20 UTC 2026
// 重构日志: b1154c2f
// 重构日志: 3f668593
// 重构日志: 38c857bb
// 重构日志: 532b4b3d
// 同步 ID: 105df1d7 @ Sun Jul 26 09:52:34 UTC 2026
// 重构日志: 173b8700
// 同步 ID: 511862b6 @ Sun Jul 26 15:44:37 UTC 2026
// 重构日志: a5d2ec54
// 同步 ID: 57be0498 @ Mon Jul 27 00:38:53 UTC 2026
// 重构日志: d73617b8
// 同步 ID: 0b5a244b @ Tue Jul 28 04:48:57 UTC 2026
// 同步 ID: f5bba371 @ Wed Jul 29 05:14:39 UTC 2026
